// Jest Snapshot v1, https://goo.gl/fbAQLP

exports[`blocks/style matches snapshot 1`] = `
Object {
  "module": Object {
    "rules": Array [
      Object {
        "include": /node_modules/,
        "test": /\\.css$/,
        "use": Array [
          Object {
            "loader": "<project>/node_modules/extract-text-webpack-plugin/dist/loader.js",
            "options": Object {
              "omit": 1,
              "publicPath": "../",
              "remove": true,
            },
          },
          Object {
            "loader": "style-loader",
          },
          Object {
            "loader": "css-loader",
            "options": Object {
              "sourceMap": undefined,
            },
          },
        ],
      },
      Object {
        "include": undefined,
        "test": /\\.scss$/,
        "use": Array [
          Object {
            "loader": "<project>/node_modules/extract-text-webpack-plugin/dist/loader.js",
            "options": Object {
              "omit": 1,
              "publicPath": "../",
              "remove": true,
            },
          },
          Object {
            "loader": "style-loader",
          },
          Object {
            "loader": "css-loader",
            "options": Object {
              "sourceMap": undefined,
            },
          },
          Object {
            "loader": "postcss-loader",
            "options": Object {
              "ident": "postcss",
              "plugins": [Function plugins],
              "sourceMap": undefined,
            },
          },
          Object {
            "loader": "resolve-url-loader",
            "options": Object {
              "sourceMap": undefined,
            },
          },
          Object {
            "loader": "sass-loader",
            "options": Object {
              "sourceMap": undefined,
            },
          },
        ],
      },
    ],
  },
  "plugins": Array [
    ExtractTextPlugin {
      "filename": "styles/[name].css",
      "id": 1,
      "options": Object {
        "disable": true,
      },
    },
  ],
}
`;
