// Jest Snapshot v1, https://goo.gl/fbAQLP

exports[`build exports a correct \`config\` for webpack 1`] = `
Object {
  "RobotoMono-Regular.ttf": "/RobotoMono-Regular.ttf",
  "cat.gif": "/cat.gif",
  "giphy.gif": "/giphy.gif",
  "main.js": "/main.js",
  "nice.jpg": "/nice.jpg",
}
`;

exports[`build exports a correct \`config\` for webpack in production 1`] = `
Object {
  "cat.gif": "/cat.5082946a.gif",
  "main.css": "/main.04d8cdd3.css",
  "main.js": "/main.fcc39b91.js",
  "nice.jpg": "/nice.9c3c4150.jpg",
  "runtime.js": "/runtime.ae3ec808.js",
  "vendor.css": "/vendor.eb592cd8.css",
  "vendor.js": "/vendor.9e956fd5.js",
}
`;
