// Jest Snapshot v1, https://goo.gl/fbAQLP

exports[`build exports a correct \`config\` for webpack 1`] = `
Object {
  "RobotoMono-Regular.ttf": "/RobotoMono-Regular.ttf",
  "cat.gif": "/cat.gif",
  "giphy.gif": "/giphy.gif",
  "main.js": "/main.js",
  "nice.jpg": "/nice.jpg",
}
`;

exports[`build exports a correct \`config\` for webpack in production 1`] = `
Object {
  "RobotoMono-Regular.ttf": "/RobotoMono-Regular.a48ac416.ttf",
  "cat.gif": "/cat.5082946a.gif",
  "giphy.gif": "/giphy.a47e713b.gif",
  "main.css": "/main.bd753fff.css",
  "main.js": "/main.d8732cfc.js",
  "nice.jpg": "/nice.9c3c4150.jpg",
  "runtime.js": "/runtime.631fbc64.js",
  "vendor.js": "/vendor.a9d97159.js",
}
`;
