// Jest Snapshot v1, https://goo.gl/fbAQLP

exports[`blocks/backEnd matches snapshot 1`] = `
Object {
  "devServer": Object {
    "setup": [Function setup],
  },
  "plugins": Array [
    HtmlWebpackPlugin {
      "options": Object {
        "cache": true,
        "chunks": "all",
        "compile": true,
        "excludeChunks": Array [],
        "favicon": false,
        "filename": "index.html",
        "hash": false,
        "inject": true,
        "minify": false,
        "showErrors": true,
        "template": "<cwd>/node_modules/html-webpack-plugin/default_index.ejs",
        "title": "Webpack App",
        "xhtml": false,
      },
    },
  ],
}
`;
