// Jest Snapshot v1, https://goo.gl/fbAQLP

exports[`blocks/media matches snapshot 1`] = `
Object {
  "module": Object {
    "rules": Array [
      Object {
        "include": Array [
          "<cwd>/app",
        ],
        "loader": "file-loader",
        "options": Object {
          "name": "[path][name].[ext]",
        },
        "test": /\\.(ttf|eot|woff2?|png|jpe?g|gif|svg)$/,
      },
      Object {
        "include": Array [
          /node_modules/,
        ],
        "loader": "file-loader",
        "options": Object {
          "name": "vendor/[name].[ext]",
        },
        "test": /\\.(ttf|eot|woff2?|png|jpe?g|gif|svg)$/,
      },
    ],
  },
}
`;
