// Jest Snapshot v1, https://goo.gl/fbAQLP

exports[`blocks/media matches snapshot 1`] = `
Object {
  "module": Object {
    "rules": Array [
      Object {
        "include": Array [
          "<cwd>/app",
        ],
        "test": /\\.(ttf|eot|woff2?|png|jpe?g|gif|svg)$/,
        "use": Array [
          Object {
            "loader": "file-loader",
            "options": Object {
              "name": "vendor/[name].[ext]",
            },
          },
        ],
      },
      Object {
        "include": Array [
          "<cwd>/app",
        ],
        "test": /\\.(ttf|eot|woff2?|png|jpe?g|gif|svg)$/,
        "use": Array [
          Object {
            "loader": "file-loader",
            "options": Object {
              "name": "vendor/[name].[ext]",
            },
          },
        ],
      },
    ],
  },
}
`;
