// Jest Snapshot v1, https://goo.gl/fbAQLP

exports[`blocks/plugins matches snapshot 1`] = `
Object {
  "plugins": Array [
    CleanWebpackPlugin {
      "options": Object {
        "allowExternal": false,
        "dry": false,
        "root": "<cwd>",
        "verbose": false,
      },
      "paths": Array [
        "<cwd>/public",
      ],
    },
    Object {
      "apply": [Function apply],
    },
    ManifestPlugin {
      "opts": Object {
        "basePath": "",
        "fileName": "manifest.json",
        "filter": null,
        "generate": [Function generate],
        "map": null,
        "seed": Object {},
        "transformExtensions": /^(gz|map)$/i,
        "writeToFileEmit": true,
      },
    },
    DefinePlugin {
      "definitions": Object {
        "process.env": Object {
          "NODE_ENV": undefined,
        },
      },
    },
    NamedModulesPlugin {
      "options": Object {},
    },
  ],
}
`;
